sections
0a00 - 2fe6 : DATA, code
2fe6 - 3007 : DATA, data
3007 - 3109 : BSS, bss
3109 - 9000 : HEAP, heap
9000 - 9fb6 : STACK, stack
10000 - 10000 : ZEROPAGE, zeropage
0801 - 087d : DATA, startup
0900 - 0900 : DATA, bytecode
a000 - a000 : SSTACK, puts@stack
9ff0 - a000 : SSTACK, nformi@stack
9ff0 - a000 : SSTACK, nforml@stack
9ffc - a000 : SSTACK, isinf@stack
9ffc - 9ffc : SSTACK, nformf@stack
9fe8 - 9ff0 : SSTACK, sformat@stack
9fb6 - 9fe8 : SSTACK, printf@stack
a000 - a000 : SSTACK, next_char@stack
a000 - a000 : SSTACK, init_scanner@stack
a000 - a000 : SSTACK, is_space@stack
a000 - a000 : SSTACK, isdigit@stack
a000 - a000 : SSTACK, malloc@stack
a000 - a000 : SSTACK, string_to_number@stack
a000 - a000 : SSTACK, make_token@stack
9fb6 - 9fb6 : SSTACK, next_token@stack
a000 - a000 : SSTACK, exit@stack
a000 - a000 : SSTACK, NewTree@stack
a000 - a000 : SSTACK, putchar@stack
9fb6 - 9fb6 : SSTACK, print_token@stack
a000 - a000 : SSTACK, NewLeaf@stack
9fb6 - 9fb6 : SSTACK, parse_leaf@stack
a000 - a000 : SSTACK, arsum@stack
a000 - a000 : SSTACK, artimes@stack
a000 - a000 : SSTACK, ardivide@stack

regions
0080 - 00ff : 0000, 0000, zeropage
0801 - 0900 : 087d, 007c, startup
0900 - 0a00 : 0900, 0000, bytecode
0a00 - 9000 : 3007, 2709, main

objects
0801 - 087d : startup, NATIVE_CODE:startup
2fe6 - 2fe7 : spentry, DATA:data
3007 - 3007 : BSSStart, START:bss
3109 - 3109 : BSSEnd, END:bss
9fb6 - 9fb6 : StackEnd, END:stack
0a00 - 0cd3 : main, BYTE_CODE:code
3007 - 3101 : inputstring, DATA:bss
0cd3 - 0ce8 : *, DATA:code
0ce8 - 0d13 : printf, BYTE_CODE:code
0d13 - 10c7 : sformat, BYTE_CODE:code
10c7 - 10d2 : puts, BYTE_CODE:code
10d2 - 10e4 : *, NATIVE_CODE:code
10e4 - 1127 : putpch, NATIVE_CODE:code
2fe7 - 2fe8 : giocharmap, DATA:data
1127 - 1296 : nformi, BYTE_CODE:code
9ff0 - a000 : buffer, BSS:nformi@stack
1296 - 143e : nforml, BYTE_CODE:code
9ff0 - a000 : buffer, BSS:nforml@stack
143e - 17b9 : nformf, BYTE_CODE:code
17b9 - 17d7 : isinf, BYTE_CODE:code
9ffc - a000 : x, BSS:isinf@stack
2fe8 - 3004 : fround5, DATA:data
9fe8 - 9ff0 : si, BSS:sformat@stack
9fb6 - 9fe8 : buff, BSS:printf@stack
17d7 - 17dc : *, DATA:code
17dc - 181f : parse_expr, BYTE_CODE:code
181f - 1837 : init_scanner, BYTE_CODE:code
3004 - 3006 : position, DATA:data
1837 - 1856 : next_char, BYTE_CODE:code
3101 - 3102 : current_char, DATA:bss
1856 - 18f0 : next_token, BYTE_CODE:code
18f0 - 191e : is_space, BYTE_CODE:code
191e - 193e : isdigit, BYTE_CODE:code
193e - 19c8 : string_to_number, BYTE_CODE:code
3102 - 3103 : token, DATA:bss
19c8 - 1a9b : malloc, BYTE_CODE:code
3006 - 3007 : freeHeapInit, DATA:data
3109 - 3109 : HeapStart, START:heap
3103 - 3105 : freeHeap, DATA:bss
9000 - 9000 : HeapEnd, END:heap
3105 - 3107 : array, DATA:bss
3107 - 3109 : number, DATA:bss
1a9b - 1ab0 : make_token, BYTE_CODE:code
1ab0 - 1aca : *, DATA:code
1aca - 1aee : parse_arith_expr, BYTE_CODE:code
1aee - 1b50 : parse_expressions, BYTE_CODE:code
1b50 - 1b89 : NewTree, BYTE_CODE:code
1b89 - 1b94 : exit, BYTE_CODE:code
1b94 - 1ba9 : *, NATIVE_CODE:code
1ba9 - 1bcd : parse_term, BYTE_CODE:code
1bcd - 1c43 : parse_factor, BYTE_CODE:code
1c43 - 1c66 : *, DATA:code
1c66 - 1d3c : print_token, BYTE_CODE:code
1d3c - 1d40 : *, DATA:code
1d40 - 1d4b : *, DATA:code
1d4b - 1d56 : putchar, BYTE_CODE:code
1d56 - 1d5b : *, NATIVE_CODE:code
1d5b - 1d6d : *, DATA:code
1d6d - 1d6f : *, DATA:code
1d6f - 1d8f : parse_leaf, BYTE_CODE:code
1d8f - 1dce : NewLeaf, BYTE_CODE:code
1dce - 1ddf : *, DATA:code
1ddf - 1de1 : *, DATA:code
1de1 - 1e04 : *, DATA:code
1e04 - 1e0c : *, DATA:code
1e0c - 1ec1 : eval2, BYTE_CODE:code
1ec1 - 1f0d : arsum, BYTE_CODE:code
1f0d - 1f59 : artimes, BYTE_CODE:code
1f59 - 1fa5 : ardivide, BYTE_CODE:code
1fa5 - 1fc8 : print_tree, BYTE_CODE:code
1fc8 - 207f : print_subtree, BYTE_CODE:code
207f - 208b : *, DATA:code
208b - 208f : *, DATA:code
208f - 209c : *, DATA:code
209c - 20b3 : *, DATA:code
20b3 - 20b8 : *, DATA:code
20b8 - 20c5 : *, DATA:code
20c5 - 20ed : *, DATA:code
20ed - 20f2 : *, DATA:code
20f2 - 20ff : *, DATA:code
20ff - 2118 : *, DATA:code
2118 - 211d : *, DATA:code
211d - 212b : *, DATA:code
212b - 2144 : *, DATA:code
2144 - 2149 : *, DATA:code
2149 - 2156 : *, DATA:code
2156 - 2171 : *, DATA:code
2171 - 2176 : *, DATA:code
2176 - 2183 : *, DATA:code
2183 - 219c : *, DATA:code
219c - 21a0 : *, DATA:code
21a0 - 21ae : *, DATA:code
21ae - 21c7 : *, DATA:code
21c7 - 21cb : *, DATA:code
21cb - 21d9 : *, DATA:code
21d9 - 21f0 : *, DATA:code
21f0 - 21f4 : *, DATA:code
21f4 - 2202 : *, DATA:code
2202 - 2229 : *, DATA:code
2229 - 222d : *, DATA:code
222d - 223b : *, DATA:code
223b - 2262 : *, DATA:code
2262 - 2266 : *, DATA:code
2266 - 2274 : *, DATA:code
2274 - 227e : *, DATA:code
227e - 22c3 : freg, NATIVE_CODE:code
22c3 - 23aa : faddsub, NATIVE_CODE:code
23aa - 244b : fmul, NATIVE_CODE:code
244b - 2479 : fmul8, NATIVE_CODE:code
2479 - 2527 : fdiv, NATIVE_CODE:code
2527 - 2535 : negaccu, NATIVE_CODE:code
2535 - 2543 : negtmp, NATIVE_CODE:code
2543 - 25c8 : divmod, NATIVE_CODE:code
25c8 - 260a : f32_to_i16, NATIVE_CODE:code
260a - 2628 : sint16_to_float, NATIVE_CODE:code
2628 - 2655 : uint16_to_float, NATIVE_CODE:code
2655 - 266f : negaccu32, NATIVE_CODE:code
266f - 2705 : divmod32, NATIVE_CODE:code
2705 - 270c : inp_op_ext_u16, NATIVE_CODE:code
270c - 2720 : inp_binop_div_u32, NATIVE_CODE:code
2720 - 2744 : inp_binop_mod_u32, NATIVE_CODE:code
2744 - 2775 : inp_op_cmp_u32, NATIVE_CODE:code
2775 - 27ae : inp_op_cmp_s32, NATIVE_CODE:code
0900 - 0900 : bytecode, RUNTIME:bytecode
27ae - 27b1 : inp_nop, NATIVE_CODE:code
27b1 - 27bc : inp_const_8, NATIVE_CODE:code
27bc - 27cb : inp_const_p8, NATIVE_CODE:code
27cb - 27db : inp_const_16, NATIVE_CODE:code
27db - 27f5 : inp_const_32, NATIVE_CODE:code
27f5 - 2803 : inp_load_reg_8, NATIVE_CODE:code
2803 - 280d : inp_store_reg_8, NATIVE_CODE:code
280d - 281b : inp_load_reg_16, NATIVE_CODE:code
281b - 2829 : inp_store_reg_16, NATIVE_CODE:code
2829 - 2837 : inp_addr_reg, NATIVE_CODE:code
2837 - 284d : inp_load_reg_32, NATIVE_CODE:code
284d - 2863 : inp_store_reg_32, NATIVE_CODE:code
2863 - 2887 : inp_load_abs_8, NATIVE_CODE:code
2887 - 28af : inp_load_abs_u8, NATIVE_CODE:code
28af - 28d8 : inp_load_abs_16, NATIVE_CODE:code
28d8 - 290b : inp_load_abs_32, NATIVE_CODE:code
290b - 2925 : inp_load_abs_addr, NATIVE_CODE:code
2925 - 2949 : inp_store_abs_8, NATIVE_CODE:code
2949 - 2972 : inp_store_abs_16, NATIVE_CODE:code
2972 - 29a5 : inp_store_abs_32, NATIVE_CODE:code
29a5 - 29b5 : inp_lea_abs, NATIVE_CODE:code
29b5 - 29ca : inp_lea_abs_index, NATIVE_CODE:code
29ca - 29df : inp_lea_abs_index_u8, NATIVE_CODE:code
29df - 29f2 : inp_lea_accu_index, NATIVE_CODE:code
29f2 - 2a02 : inp_load_local_8, NATIVE_CODE:code
2a02 - 2a16 : inp_load_local_u8, NATIVE_CODE:code
2a16 - 2a2b : inp_load_local_16, NATIVE_CODE:code
2a2b - 2a4a : inp_load_local_32, NATIVE_CODE:code
2a4a - 2a5f : inp_store_local_16, NATIVE_CODE:code
2a5f - 2a7e : inp_store_local_32, NATIVE_CODE:code
2a7e - 2a93 : inp_lea_local, NATIVE_CODE:code
2a93 - 2aa3 : inp_store_frame_8, NATIVE_CODE:code
2aa3 - 2ab8 : inp_store_frame_16, NATIVE_CODE:code
2ab8 - 2ad7 : inp_store_frame_32, NATIVE_CODE:code
2ad7 - 2aea : inp_binop_addr_16, NATIVE_CODE:code
2aea - 2afd : inp_binop_subr_16, NATIVE_CODE:code
2afd - 2b35 : inp_binop_mulr_16, NATIVE_CODE:code
2b35 - 2b46 : inp_binop_divr_u16, NATIVE_CODE:code
2b46 - 2b5f : inp_binop_modr_u16, NATIVE_CODE:code
2b5f - 2b8e : inp_binop_divr_s16, NATIVE_CODE:code
2b8e - 2bcd : inp_binop_modr_s16, NATIVE_CODE:code
2bcd - 2be0 : inp_binop_adda_16, NATIVE_CODE:code
2be0 - 2bf5 : inp_binop_addi_16, NATIVE_CODE:code
2bf5 - 2c0a : inp_binop_subi_16, NATIVE_CODE:code
2c0a - 2c1e : inp_binop_andi_16, NATIVE_CODE:code
2c1e - 2c59 : inp_binop_muli8_16, NATIVE_CODE:code
2c59 - 2c67 : inp_binop_addi_8, NATIVE_CODE:code
2c67 - 2c74 : inp_binop_andi_8, NATIVE_CODE:code
2c74 - 2c8e : inp_binop_shl_16, NATIVE_CODE:code
2c8e - 2ca8 : inp_binop_shr_u16, NATIVE_CODE:code
2ca8 - 2d0a : cmp16, NATIVE_CODE:code
2d0a - 2d56 : cmp8, NATIVE_CODE:code
2d56 - 2d66 : inp_op_negate_16, NATIVE_CODE:code
2d66 - 2d75 : inp_op_invert_16, NATIVE_CODE:code
2d75 - 2d7e : inp_binop_add_f32, NATIVE_CODE:code
2d7e - 2d8d : inp_binop_sub_f32, NATIVE_CODE:code
2d8d - 2d9a : inp_binop_mul_f32, NATIVE_CODE:code
2d9a - 2da3 : inp_binop_div_f32, NATIVE_CODE:code
2da3 - 2e0a : inp_binop_cmp_f32, NATIVE_CODE:code
2e0a - 2e13 : inp_op_negate_f32, NATIVE_CODE:code
2e13 - 2e19 : inp_conv_i16_f32, NATIVE_CODE:code
2e19 - 2e1f : inp_conv_f32_i16, NATIVE_CODE:code
2e1f - 2e71 : bra, NATIVE_CODE:code
2e71 - 2ebf : braf, NATIVE_CODE:code
2ebf - 2ecc : loopu8, NATIVE_CODE:code
2ecc - 2ee7 : inp_jsr, NATIVE_CODE:code
2ee7 - 2f07 : inp_native, NATIVE_CODE:code
2f07 - 2f40 : inp_enter, NATIVE_CODE:code
2f40 - 2f7a : inp_return, NATIVE_CODE:code
2f7a - 2f9e : inp_call, NATIVE_CODE:code
2f9e - 2faf : inp_push_frame, NATIVE_CODE:code
2faf - 2fc0 : inp_pop_frame, NATIVE_CODE:code
2fc0 - 2fd0 : inp_strcpy, NATIVE_CODE:code
2fd0 - 2fe6 : inp_op_extrt, NATIVE_CODE:code
